[Bootstrap]
SetupTitle=Install
SetupText=Copying Files, please stand by.
CabFile=Image Where.CAB
Spawn=Setup1.exe
Uninstal=st6unst.exe
TmpDir=msftqws.pdw
Cabs=1

[Bootstrap Files]
File1=@VB6STKIT.DLL,$(WinSysPathSysFile),,,7/15/00 12:00:00 AM,101888,6.0.84.50
File2=@COMCAT.DLL,$(WinSysPathSysFile),$(DLLSelfRegister),,5/31/98 12:00:00 AM,22288,4.71.1460.1
File3=@STDOLE2.TLB,$(WinSysPathSysFile),$(TLBRegister),,6/3/99 12:00:00 AM,17920,2.40.4275.1
File4=@ASYCFILT.DLL,$(WinSysPathSysFile),,,3/8/99 12:00:00 AM,147728,2.40.4275.1
File5=@OLEPRO32.DLL,$(WinSysPathSysFile),$(DLLSelfRegister),,3/8/99 12:00:00 AM,164112,5.0.4275.1
File6=@OLEAUT32.DLL,$(WinSysPathSysFile),$(DLLSelfRegister),,4/12/00 12:00:00 AM,598288,2.40.4275.1
File7=@msvbvm60.dll,$(WinSysPathSysFile),$(DLLSelfRegister),,4/1/24 7:22:14 AM,1436032,6.0.98.48

[IconGroups]
Group0=Image Where 3.9
PrivateGroup0=-1
Parent0=$(Programs)

[Image Where 3.9]
Icon1=""Image Where.exe""
Title1=Image Where 3.9
StartIn1=$(AppPath)

[Setup]
Title=Image Where 3.9 Client
DefaultDir=$(ProgramFiles)\Image Where
AppExe=Image Where.exe
AppToUninstall=Image Where.exe

[Setup1 Files]
File1=@P2BDAO.DLL,$(AppPath),,,2/3/01 4:26:54 AM,94208,8.5.0.7
File2=@P2BBND.DLL,$(AppPath),,,11/8/00 10:46:00 PM,23040,8.0.0.1
File3=@IMPLODE.DLL,$(AppPath),,,8/24/98 10:31:44 AM,18944,1.0.0.1
File4=@CRPE32.DLL,$(AppPath),,,2/9/01 8:43:52 PM,4587577,8.5.0.217
File5=@MSSTDFMT.DLL,$(AppPath),$(DLLSelfRegister),,2/23/04 12:00:00 AM,119808,6.1.97.82
File6=@msadodc.ocx,$(AppPath),$(DLLSelfRegister),,3/9/04 12:00:00 AM,131856,6.1.97.82
File7=@mscomct2.ocx,$(AppPath),$(DLLSelfRegister),,3/9/04 12:00:00 AM,662288,6.1.97.82
File8=@mscomctl.ocx,$(AppPath),$(DLLSelfRegister),,3/9/04 12:00:00 AM,1081616,6.1.97.82
File9=@msdatgrd.ocx,$(AppPath),$(DLLSelfRegister),,3/9/04 12:00:00 AM,275216,6.1.97.82
File10=@mswless.ocx,$(AppPath),$(DLLSelfRegister),,6/24/98 5:56:47 PM,386872,6.0.81.69
File11=@msflxgrd.ocx,$(AppPath),$(DLLSelfRegister),,3/9/04 12:00:00 AM,260880,6.1.97.82
File12=@tabctl32.ocx,$(AppPath),$(DLLSelfRegister),,3/9/04 12:00:00 AM,224016,6.1.97.82
File13=@comdlg32.ocx,$(AppPath),$(DLLSelfRegister),,3/9/04 12:00:00 AM,152848,6.1.97.82
File14=@CRYSTL32.OCX,$(AppPath),$(DLLSelfRegister),,12/10/99 12:17:28 AM,847324,8.0.0.4
File15=@Dotnet Computing Functions.dll,$(AppPath),$(DLLSelfRegister),,5/29/05 11:46:44 AM,40960,1.0.0.1
File16=@CDO.DLL,$(AppPath),,,6/19/00 8:12:12 PM,808720,5.5.2652.65
File17=@MSBIND.DLL,$(AppPath),$(DLLSelfRegister),,2/23/04 12:00:00 AM,78848,6.1.97.82
File18=@craxddrt.dll,$(AppPath),$(DLLSelfRegister),,2/10/01 2:47:40 AM,8646715,8.5.0.217
File19=@msadomd.dll,$(AppPath),$(DLLSelfRegister),,4/1/24 7:22:18 AM,294400,6.2.26100.1
File20=@craxdrt.dll,$(AppPath),$(DLLSelfRegister),,2/10/01 2:49:22 AM,5152826,8.5.0.217
File21=@msado27.tlb,$(AppPath),,,4/1/24 7:22:18 AM,71168,6.2.26100.1
File22=@VB5DB.dll,$(AppPath),,,6/18/98 12:00:00 AM,89360,6.0.81.69
File23=@msjtes40.dll,$(WinSysPathSysFile),$(DLLSelfRegister),,4/1/24 7:22:17 AM,290816,4.0.9801.0
File24=@msrepl40.dll,$(WinSysPathSysFile),,,4/1/24 7:22:17 AM,616960,4.0.9801.0
File25=@msrd3x40.dll,$(WinSysPathSysFile),$(DLLSelfRegister),,4/1/24 7:22:35 AM,354304,4.0.9801.33
File26=@msrd2x40.dll,$(WinSysPathSysFile),$(DLLSelfRegister),,4/1/24 7:22:17 AM,314368,4.0.9801.33
File27=@mswdat10.dll,$(WinSysPathSysFile),,,4/1/24 7:22:35 AM,866816,4.0.9801.0
File28=@mswstr10.dll,$(WinSysPathSysFile),,,4/1/24 7:22:40 AM,640512,4.0.9801.1
File29=@expsrv.dll,$(WinSysPathSysFile),,,4/1/24 7:22:34 AM,380957,6.0.72.9589
File30=@vbajet32.dll,$(WinSysPathSysFile),,,4/1/24 7:22:14 AM,30749,6.0.1.9431
File31=@msjint40.dll,$(WinSysPathSysFile),,,4/1/24 7:22:42 AM,8704,4.0.9801.1
File32=@msjter40.dll,$(WinSysPathSysFile),,,4/1/24 7:22:17 AM,83968,4.0.9801.0
File33=@msjet40.dll,$(WinSysPathSysFile),$(DLLSelfRegister),,4/1/24 7:22:17 AM,1318912,4.0.9801.33
File34=@dao360.dll,$(AppPath),$(DLLSelfRegister),,4/1/24 7:22:17 AM,610304,3.60.9765.0
File35=@Image Where.exe,$(AppPath),,,3/14/25 3:06:15 PM,2551808,3.9.0.1

; The following lines may be deleted in order to obtain extra 
; space for customizing this file on a full installation diskette.
; 
; XXXXXXXXXXXXXXXXXXXXXXXXXXXXXXXXXXXXXXXXXXXXXXXXXXXXXXXXXXXX
; XXXXXXXXXXXXXXXXXXXXXXXXXXXXXXXXXXXXXXXXXXXXXXXXXXXXXXXXXXXX
; XXXXXXXXXXXXXXXXXXXXXXXXXXXXXXXXXXXXXXXXXXXXXXXXXXXXXXXXXXXX
; XXXXXXXXXXXXXXXXXXXXXXXXXXXXXXXXXXXXXXXXXXXXXXXXXXXXXXXXXXXX
; XXXXXXXXXXXXXXXXXXXXXXXXXXXXXXXXXXXXXXXXXXXXXXXXXXXXXXXXXXXX
; XXXXXXXXXXXXXXXXXXXXXXXXXXXXXXXXXXXXXXXXXXXXXXXXXXXXXXXXXXXX
; XXXXXXXXXXXXXXXXXXXXXXXXXXXXXXXXXXXXXXXXXXXXXXXXXXXXXXXXXXXX
; XXXXXXXXXXXXXXXXXXXXXXXXXXXXXXXXXXXXXXXXXXXXXXXXXXXXXXXXXXXX
; XXXXXXXXXXXXXXXXXXXXXXXXXXXXXXXXXXXXXXXXXXXXXXXXXXXXXXXXXXXX
; XXXXXXXXXXXXXXXXXXXXXXXXXXXXXXXXXXXXXXXXXXXXXXXXXXXXXXXXXXXX
; XXXXXXXXXXXXXXXXXXXXXXXXXXXXXXXXXXXXXXXXXXXXXXXXXXXXXXXXXXXX
; XXXXXXXXXXXXXXXXXXXXXXXXXXXXXXXXXXXXXXXXXXXXXXXXXXXXXXXXXXXX
; XXXXXXXXXXXXXXXXXXXXXXXXXXXXXXXXXXXXXXXXXXXXXXXXXXXXXXXXXXXX
; XXXXXXXXXXXXXXXXXXXXXXXXXXXXXXXXXXXXXXXXXXXXXXXXXXXXXXXXXXXX
; XXXXXXXXXXXXXXXXXXXXXXXXXXXXXXXXXXXXXXXXXXXXXXXXXXXXXXXXXXXX
; XXXXXXXXXXXXXXXXXXXXXXXXXXXXXXXXXXXXXXXXXXXXXXXXXXXXXXXXXXXX
; XXXXXXXXXXXXXXXXXXXXXXXXXXXXXXXXXXXXXXXXXXXXXXXXXXXXXXXXXXXX
; XXXXXXXXXXXXXXXXXXXXXXXXXXXXXXXXXXXXXXXXXXXXXXXXXXXXXXXXXXXX
; XXXXXXXXXXXXXXXXXXXXXXXXXXXXXXXXXXXXXXXXXXXXXXXXXXXXXXXXXXXX
; XXXXXXXXXXXXXXXXXXXXXXXXXXXXXXXXXXXXXXXXXXXXXXXXXXXXXXXXXXXX
; XXXXXXXXXXXXXXXXXXXXXXXXXXXXXXXXXXXXXXXXXXXXXXXXXXXXXXXXXXXX
; XXXXXXXXXXXXXXXXXXXXXXXXXXXXXXXXXXXXXXXXXXXXXXXXXXXXXXXXXXXX
; XXXXXXXXXXXXXXXXXXXXXXXXXXXXXXXXXXXXXXXXXXXXXXXXXXXXXXXXXXXX
; XXXXXXXXXXXXXXXXXXXXXXXXXXXXXXXXXXXXXXXXXXXXXXXXXXXXXXXXXXXX
; XXXXXXXXXXXXXXXXXXXXXXXXXXXXXXXXXXXXXXXXXXXXXXXXXXXXXXXXXXXX
; XXXXXXXXXXXXXXXXXXXXXXXXXXXXXXXXXXXXXXXXXXXXXXXXXXXXXXXXXXXX
; XXXXXXXXXXXXXXXXXXXXXXXXXXXXXXXXXXXXXXXXXXXXXXXXXXXXXXXXXXXX
; XXXXXXXXXXXXXXXXXXXXXXXXXXXXXXXXXXXXXXXXXXXXXXXXXXXXXXXXXXXX
; XXXXXXXXXXXXXXXXXXXXXXXXXXXXXXXXXXXXXXXXXXXXXXXXXXXXXXXXXXXX
; XXXXXXXXXXXXXXXXXXXXXXXXXXXXXXXXXXXXXXXXXXXXXXXXXXXXXXXXXXXX
; XXXXXXXXXXXXXXXXXXXXXXXXXXXXXXXXXXXXXXXXXXXXXXXXXXXXXXXXXXXX
; XXXXXXXXXXXXXXXXXXXXXXXXXXXXXXXXXXXXXXXXXXXXXXXXXXXXXXXXXXXX
; XXXXXXXXXXXXXXXXXXXXXXXXXXXXXXXXXXXXXXXXXXXXXXXXXXXXXXXXXXXX
; XXXXXXXXXXXXXXXXXXXXXXXXXXXXXXXXXXXXXXXXXXXXXXXXXXXXXXXXXXXX
; XXXXXXXXXXXXXXXXXXXXXXXXXXXXXXXXXXXXXXXXXXXXXXXXXXXXXXXXXXXX
